../Core/Src/main.c:111:5:__io_putchar	16	static
../Core/Src/main.c:124:5:main	72	static
../Core/Src/main.c:247:6:SystemClock_Config	72	static
../Core/Src/main.c:286:13:MX_I2C2_Init	8	static
../Core/Src/main.c:320:13:MX_SPI2_Init	8	static
../Core/Src/main.c:357:13:MX_TIM4_Init	72	static
../Core/Src/main.c:424:13:MX_USART2_UART_Init	8	static
../Core/Src/main.c:457:13:MX_USART3_UART_Init	8	static
../Core/Src/main.c:488:13:MX_DMA_Init	16	static
../Core/Src/main.c:509:13:MX_GPIO_Init	40	static
../Core/Src/main.c:558:6:CO_Init	8	static
../Core/Src/main.c:563:6:Task_CO	32	static
../Core/Src/main.c:594:6:HAL_UART_RxCpltCallback	16	static,ignoring_inline_asm
../Core/Src/main.c:608:6:IMU_Init	32	static
../Core/Src/main.c:614:6:Task_IMU	40	static
../Core/Src/main.c:661:6:HAL_I2C_MemRxCpltCallback	16	static,ignoring_inline_asm
../Core/Src/main.c:672:6:Sonar_Init	4	static
../Core/Src/main.c:676:6:Task_Sonar	24	static
../Core/Src/main.c:722:6:HAL_TIM_IC_CaptureCallback	24	static,ignoring_inline_asm
../Core/Src/main.c:755:6:Task_Report	24	static
../Core/Src/main.c:790:6:StartDefaultTask	32	static
../Core/Src/main.c:814:6:Error_Handler	4	static,ignoring_inline_asm
