../Core/Src/main.c:96:5:__io_putchar	16	static
../Core/Src/main.c:109:5:main	64	static
../Core/Src/main.c:212:6:SystemClock_Config	72	static
../Core/Src/main.c:251:13:MX_I2C2_Init	8	static
../Core/Src/main.c:285:13:MX_SPI2_Init	8	static
../Core/Src/main.c:322:13:MX_USART2_UART_Init	8	static
../Core/Src/main.c:355:13:MX_USART3_UART_Init	8	static
../Core/Src/main.c:386:13:MX_DMA_Init	16	static
../Core/Src/main.c:407:13:MX_GPIO_Init	40	static
../Core/Src/main.c:462:6:CO_Init	8	static
../Core/Src/main.c:467:6:Task_CO	32	static
../Core/Src/main.c:496:6:HAL_UART_RxCpltCallback	16	static,ignoring_inline_asm
../Core/Src/main.c:510:6:IMU_Init	32	static
../Core/Src/main.c:516:6:Task_IMU	40	static
../Core/Src/main.c:562:6:HAL_I2C_MemRxCpltCallback	16	static,ignoring_inline_asm
../Core/Src/main.c:581:6:StartDefaultTask	32	static
../Core/Src/main.c:605:6:Error_Handler	4	static,ignoring_inline_asm
