../Core/Src/stm32f1xx_it.c:76:6:NMI_Handler	4	static
../Core/Src/stm32f1xx_it.c:91:6:HardFault_Handler	4	static
../Core/Src/stm32f1xx_it.c:106:6:MemManage_Handler	4	static
../Core/Src/stm32f1xx_it.c:121:6:BusFault_Handler	4	static
../Core/Src/stm32f1xx_it.c:136:6:UsageFault_Handler	4	static
../Core/Src/stm32f1xx_it.c:151:6:DebugMon_Handler	4	static
../Core/Src/stm32f1xx_it.c:164:6:SysTick_Handler	8	static
../Core/Src/stm32f1xx_it.c:193:6:DMA1_Channel3_IRQHandler	8	static
../Core/Src/stm32f1xx_it.c:207:6:DMA1_Channel5_IRQHandler	8	static
../Core/Src/stm32f1xx_it.c:221:6:TIM4_IRQHandler	8	static
../Core/Src/stm32f1xx_it.c:235:6:I2C2_EV_IRQHandler	8	static
../Core/Src/stm32f1xx_it.c:249:6:I2C2_ER_IRQHandler	8	static
../Core/Src/stm32f1xx_it.c:263:6:SPI2_IRQHandler	8	static
../Core/Src/stm32f1xx_it.c:277:6:USART3_IRQHandler	8	static
../Core/Src/stm32f1xx_it.c:291:6:EXTI15_10_IRQHandler	8	static
